// Jest Snapshot v1, https://goo.gl/fbAQLP

exports[`Should render PremiseView correctly 1`] = `
<div>
  <button
    className="button button--standard button-modal"
  >
    Backstory
  </button>
</div>
`;
