// Jest Snapshot v1, https://goo.gl/fbAQLP

exports[`Should render StartPage correctly 1`] = `
<div
  className="start-options-layout"
>
  <div
    className="start-options-layout__box"
  >
    <[object Object]
      to="/stories"
    >
      <button
        className="button button-big button--standard"
      >
        Stories
      </button>
    </[object Object]>
    <button
      className="button button-big button--standard"
      onClick={[Function]}
    >
      How to play
    </button>
    <div>
      <InstructionsModal
        handleToggleModal={[Function]}
        showModal={false}
      />
    </div>
  </div>
</div>
`;
