// Jest Snapshot v1, https://goo.gl/fbAQLP

exports[`Should render StoriesPage correctly 1`] = `<div />`;
